// Jest Snapshot v1, https://goo.gl/fbAQLP

exports[`Test component AddCategory.js Debe renderizar el component OK 1`] = `
<Fragment>
  <form
    onSubmit={[Function]}
  >
    <input
      onChange={[Function]}
      placeholder="Search your gifs..."
      type="text"
      value=""
    />
  </form>
</Fragment>
`;
